MPLINK 5.09, LINKER
Linker Map File - Created Tue Jun 13 22:56:50 2023

                                 Section Info
                  Section       Type    Address   Location Size(Bytes)
                ---------  ---------  ---------  ---------  ---------
                   .org_0       code   0x000000    program   0x000002
                   .cinit    romdata   0x000001    program   0x000004
                   .org_1       code   0x000004    program   0x00001e
.config_8007_BUILD/DEFAULT/DEBUG/MAIN.O       code   0x008007    program   0x000002
.config_8008_BUILD/DEFAULT/DEBUG/MAIN.O       code   0x008008    program   0x000002
                    dbgD0      udata   0x0000b0       data   0x000010



                              Program Memory Usage 
                               Start         End      
                           ---------   ---------      
                            0x000000    0x000002      
                            0x000004    0x000012      
                            0x008007    0x008008      
            20 out of 2311 program addresses used, program memory utilization is 0%



                              Symbols - Sorted by Name
                     Name    Address   Location    Storage File                     
                ---------  ---------  ---------  --------- ---------                
                    START   0x000004    program     static C:\Users\yuuji\WorkSpace\Github\JinBoard\JinBoard_MPLAB.X\main.asm
                    STEP1   0x00000f    program     static C:\Users\yuuji\WorkSpace\Github\JinBoard\JinBoard_MPLAB.X\main.asm



                              Symbols - Sorted by Address
                     Name    Address   Location    Storage File                     
                ---------  ---------  ---------  --------- ---------                
                    START   0x000004    program     static C:\Users\yuuji\WorkSpace\Github\JinBoard\JinBoard_MPLAB.X\main.asm
                    STEP1   0x00000f    program     static C:\Users\yuuji\WorkSpace\Github\JinBoard\JinBoard_MPLAB.X\main.asm


